C:\Users\jagdish.modi\Documents\Training\TrainingScripting\Terraform\aws-terraform> git status
On branch master
Changes not staged for commit:
  (use "git add <file>..." to update what will be committed)
  (use "git restore <file>..." to discard changes in working directory)
        modified:   main.tf
 
no changes added to commit (use "git add" and/or "git commit -a")
PS C:\Users\jagdish.modi\Documents\Training\TrainingScripting\Terraform\aws-terraform> git add .
PS C:\Users\jagdish.modi\Documents\Training\TrainingScripting\Terraform\aws-terraform> git status
On branch master
Changes to be committed:
  (use "git restore --staged <file>..." to unstage)
 
 Committer: Jagdish Modi <jagdish.modi@espire.com>
Your name and email address were configured automatica…